trainer:
  target: trainer.TrainerDifIRLPIPS
model:
  target: models.unet.UNetModelSwin
  ckpt_path: null
  params:
    image_size: 64
    in_channels: 3
    model_channels: 160
    out_channels: 3
    attention_resolutions:
    - 64
    - 32
    - 16
    - 8
    dropout: 0
    channel_mult:
    - 1
    - 2
    - 2
    - 4
    num_res_blocks:
    - 2
    - 2
    - 2
    - 2
    conv_resample: true
    dims: 2
    use_fp16: false
    num_head_channels: 32
    use_scale_shift_norm: true
    resblock_updown: false
    swin_depth: 2
    swin_embed_dim: 192
    window_size: 8
    mlp_ratio: 4
    cond_lq: true
    lq_size: 256
diffusion:
  target: models.script_util.create_gaussian_diffusion
  params:
    sf: 1
    schedule_name: exponential
    schedule_kwargs:
      power: 0.3
    etas_end: 0.99
    steps: 4
    min_noise_level: 0.2
    kappa: 2.0
    weighted_mse: false
    predict_type: xstart
    timestep_respacing: null
    scale_factor: 1.0
    normalize_input: true
    latent_flag: true
autoencoder:
  target: ldm.models.autoencoder.VQModelTorch
  ckpt_path: C:\Users\sauqu\Documents\Hackathon\boilermake12\ResShift\weights\autoencoder_vq_f4.pth
  tune_decoder: false
  params:
    embed_dim: 3
    n_embed: 8192
    ddconfig:
      double_z: false
      z_channels: 3
      resolution: 256
      in_channels: 3
      out_ch: 3
      ch: 128
      ch_mult:
      - 1
      - 2
      - 4
      num_res_blocks: 2
      attn_resolutions: []
      dropout: 0.0
      padding_mode: zeros
lpips:
  net: alex
data:
  train:
    type: paired
    params:
      dir_path: C:\Users\sauqu\Documents\Hackathon\boilermake12\train\lq
      dir_path_extra: C:\Users\sauqu\Documents\Hackathon\boilermake12\train\gt
      transform_type: rcrop_aug_norm
      transform_kwargs:
        pass_aug: false
        pch_size: 256
        mean: 0.5
        std: 0.5
        max_value: 255
      im_exts: png
      length: null
      recursive: false
  val:
    type: paired
    params:
      dir_path: C:\Users\sauqu\Documents\Hackathon\boilermake12\test\lq
      dir_path_extra: C:\Users\sauqu\Documents\Hackathon\boilermake12\train\gt
      transform_type: default
      transform_kwargs:
        pass_aug: true
        pch_size: 256
        mean: ${data.train.params.transform_kwargs.mean}
        std: ${data.train.params.transform_kwargs.std}
        max_value: ${data.train.params.transform_kwargs.max_value}
      im_exts: png
      length: 32
      recursive: false
train:
  lr: 5.0e-05
  lr_min: 2.0e-05
  lr_schedule: cosin
  warmup_iterations: 5000
  batch:
  - 8
  - 4
  microbatch: 8
  num_workers: 4
  prefetch_factor: 2
  weight_decay: 0
  ema_rate: 0.999
  iterations: 300000
  save_freq: 10000
  log_freq:
  - 500
  - 5000
  - 4
  loss_coef:
  - 1.0
  - 4.0
  - 0.0
  local_logging: true
  tf_logging: false
  use_ema_val: true
  val_freq: ${train.save_freq}
  val_y_channel: true
  val_resolution: ${model.params.lq_size}
  val_padding_mode: reflect
  use_amp: true
  seed: 123456
  global_seeding: false
  compile:
    flag: false
    mode: reduce-overhead
save_dir: C:/Users/sauqu/Documents/Hackathon/boilermake12/ResShift/weights
resume: ''
cfg_path: configs/deblur_gopro256.yaml

Number of parameters: 118.71M
Restoring autoencoder from C:\Users\sauqu\Documents\Hackathon\boilermake12\ResShift\weights\autoencoder_vq_f4.pth
Loading autoencoder from C:\Users\sauqu\Documents\Hackathon\boilermake12\ResShift\weights\autoencoder_vq_f4.pth...
Loaded Done
Loading LIIPS Metric: alex...
Number of images in train data set: 1029
Number of images in val data set: 32
